[
    {
        "DocDate": "02\/23\/2023",
        "DocNo(20)": "<<NEW>>",
        "Code(10)": "300-C0006",
        "CompanyName(100)": "CASH A\/C - LAZADA (CAR DECO)",
        "Agent(10)": "----",
        "TERMS(10)": "C.O.D.",
        "Description_HDR(200)": "Cash Sales",
        "SEQ": 1,
        "ItemCode(30)": "IN-0696-14 LOCAL",
        "Description_DTL(200)": "CARGO TRAY (HONDA) JAZZ 2014 (LOCAL\/ABS)",
        "Qty": 1,
        "UOM": "PCS",
        "UnitPrice": 41.2,
        "DISC(20)": 0,
        "Tax(10)": "",
        "TaxInclusive": 0,
        "TaxAmt": 0,
        "Amount": 41.2,
        "P_AMOUNT": 46.800000000000004,
        "P_PAYMENTMETHOD": "321-000",
        "P_BANKCHARGE": 0,
        "DOCREF1": "577043881813117802"
    },
    {
        "DocDate": "02\/23\/2023",
        "DocNo(20)": "<<NEW>>",
        "Code(10)": "300-C0006",
        "CompanyName(100)": "CASH A\/C - LAZADA (CAR DECO)",
        "Agent(10)": "----",
        "TERMS(10)": "C.O.D.",
        "Description_HDR(200)": "Cash Sales",
        "SEQ": 2,
        "ItemCode(30)": "SHIPPING",
        "Description_DTL(200)": "SHIPPING FEE",
        "Qty": 1,
        "UOM": "UNIT",
        "UnitPrice": 5.6,
        "DISC(20)": 0,
        "Tax(10)": "",
        "TaxInclusive": 0,
        "TaxAmt": 0,
        "Amount": 5.6,
        "P_AMOUNT": null,
        "P_PAYMENTMETHOD": "321-000",
        "P_BANKCHARGE": null,
        "DOCREF1": "577043881813117802"
    },
    {
        "DocDate": "02\/26\/2023",
        "DocNo(20)": "<<NEW>>",
        "Code(10)": "300-C0006",
        "CompanyName(100)": "CASH A\/C - LAZADA (CAR DECO)",
        "Agent(10)": "----",
        "TERMS(10)": "C.O.D.",
        "Description_HDR(200)": "Cash Sales",
        "SEQ": 1,
        "ItemCode(30)": "IN-0696-14 LOCAL",
        "Description_DTL(200)": "CARGO TRAY (HONDA) JAZZ 2014 (LOCAL\/ABS)",
        "Qty": 1,
        "UOM": "PCS",
        "UnitPrice": 51.2,
        "DISC(20)": 0,
        "Tax(10)": "",
        "TaxInclusive": 0,
        "TaxAmt": 0,
        "Amount": 51.2,
        "P_AMOUNT": 56.800000000000004,
        "P_PAYMENTMETHOD": "321-000",
        "P_BANKCHARGE": 0,
        "DOCREF1": "577051603905776411"
    },
    {
        "DocDate": "02\/26\/2023",
        "DocNo(20)": "<<NEW>>",
        "Code(10)": "300-C0006",
        "CompanyName(100)": "CASH A\/C - LAZADA (CAR DECO)",
        "Agent(10)": "----",
        "TERMS(10)": "C.O.D.",
        "Description_HDR(200)": "Cash Sales",
        "SEQ": 2,
        "ItemCode(30)": "SHIPPING",
        "Description_DTL(200)": "SHIPPING FEE",
        "Qty": 1,
        "UOM": "UNIT",
        "UnitPrice": 5.6,
        "DISC(20)": 0,
        "Tax(10)": "",
        "TaxInclusive": 0,
        "TaxAmt": 0,
        "Amount": 5.6,
        "P_AMOUNT": null,
        "P_PAYMENTMETHOD": "321-000",
        "P_BANKCHARGE": null,
        "DOCREF1": "577051603905776411"
    },
    {
        "DocDate": "02\/26\/2023",
        "DocNo(20)": "<<NEW>>",
        "Code(10)": "300-C0006",
        "CompanyName(100)": "CASH A\/C - LAZADA (CAR DECO)",
        "Agent(10)": "----",
        "TERMS(10)": "C.O.D.",
        "Description_HDR(200)": "Cash Sales",
        "SEQ": 1,
        "ItemCode(30)": "IN-0695-L",
        "Description_DTL(200)": "CARGO TRAY (HONDA) CITY 09-13 (LOCAL\/ABS)",
        "Qty": 1,
        "UOM": "PCS",
        "UnitPrice": 65,
        "DISC(20)": 0,
        "Tax(10)": "",
        "TaxInclusive": 0,
        "TaxAmt": 0,
        "Amount": 65,
        "P_AMOUNT": 71.3,
        "P_PAYMENTMETHOD": "321-000",
        "P_BANKCHARGE": 0,
        "DOCREF1": "577052873750055046"
    },
    {
        "DocDate": "02\/26\/2023",
        "DocNo(20)": "<<NEW>>",
        "Code(10)": "300-C0006",
        "CompanyName(100)": "CASH A\/C - LAZADA (CAR DECO)",
        "Agent(10)": "----",
        "TERMS(10)": "C.O.D.",
        "Description_HDR(200)": "Cash Sales",
        "SEQ": 2,
        "ItemCode(30)": "SHIPPING",
        "Description_DTL(200)": "SHIPPING FEE",
        "Qty": 1,
        "UOM": "UNIT",
        "UnitPrice": 6.3,
        "DISC(20)": 0,
        "Tax(10)": "",
        "TaxInclusive": 0,
        "TaxAmt": 0,
        "Amount": 6.3,
        "P_AMOUNT": null,
        "P_PAYMENTMETHOD": "321-000",
        "P_BANKCHARGE": null,
        "DOCREF1": "577052873750055046"
    },
    {
        "DocDate": "10\/14\/2023",
        "DocNo(20)": "<<NEW>>",
        "Code(10)": "300-C0006",
        "CompanyName(100)": "CASH A\/C - LAZADA (CAR DECO)",
        "Agent(10)": "----",
        "TERMS(10)": "C.O.D.",
        "Description_HDR(200)": "Cash Sales",
        "SEQ": 1,
        "ItemCode(30)": "IN-0806-17",
        "Description_DTL(200)": "CARGO TRAY (PERODUA) MYVI NEW (2017) (LOCAL) (BTK 010)",
        "Qty": 2,
        "UOM": "PCS",
        "UnitPrice": 43.5,
        "DISC(20)": 0,
        "Tax(10)": "",
        "TaxInclusive": 0,
        "TaxAmt": 0,
        "Amount": 87,
        "P_AMOUNT": 133.9,
        "P_PAYMENTMETHOD": "321-000",
        "P_BANKCHARGE": 6.22,
        "DOCREF1": "576559840027641520"
    },
    {
        "DocDate": "10\/14\/2023",
        "DocNo(20)": "<<NEW>>",
        "Code(10)": "300-C0006",
        "CompanyName(100)": "CASH A\/C - LAZADA (CAR DECO)",
        "Agent(10)": "----",
        "TERMS(10)": "C.O.D.",
        "Description_HDR(200)": "Cash Sales",
        "SEQ": 2,
        "ItemCode(30)": "IN-0806-17",
        "Description_DTL(200)": "CARGO TRAY (PERODUA) MYVI NEW (2017) (LOCAL) (BTK 010)",
        "Qty": 1,
        "UOM": "PCS",
        "UnitPrice": 46.9,
        "DISC(20)": 0,
        "Tax(10)": "",
        "TaxInclusive": 0,
        "TaxAmt": 0,
        "Amount": 46.9,
        "P_AMOUNT": null,
        "P_PAYMENTMETHOD": "321-000",
        "P_BANKCHARGE": null,
        "DOCREF1": "576559840027641520"
    },
    {
        "DocDate": "10\/21\/2023",
        "DocNo(20)": "<<NEW>>",
        "Code(10)": "300-C0006",
        "CompanyName(100)": "CASH A\/C - LAZADA (CAR DECO)",
        "Agent(10)": "----",
        "TERMS(10)": "C.O.D.",
        "Description_HDR(200)": "Cash Sales",
        "SEQ": 1,
        "ItemCode(30)": "CM-36X30-BG",
        "Description_DTL(200)": "HT-CLASSIC PVC MAT BAKUL MOTOR (36MM X30MM) (13MM) - BLACK GREY",
        "Qty": 2,
        "UOM": null,
        "UnitPrice": 10,
        "DISC(20)": 0,
        "Tax(10)": "",
        "TaxInclusive": 0,
        "TaxAmt": 0,
        "Amount": 20,
        "P_AMOUNT": 20,
        "P_PAYMENTMETHOD": "321-000",
        "P_BANKCHARGE": 0.53,
        "DOCREF1": "576563208448935422"
    },
    {
        "DocDate": "10\/21\/2023",
        "DocNo(20)": "<<NEW>>",
        "Code(10)": "300-C0006",
        "CompanyName(100)": "CASH A\/C - LAZADA (CAR DECO)",
        "Agent(10)": "----",
        "TERMS(10)": "C.O.D.",
        "Description_HDR(200)": "Cash Sales",
        "SEQ": 2,
        "ItemCode(30)": "CM-36X30-BG",
        "Description_DTL(200)": "",
        "Qty": 9,
        "UOM": null,
        "UnitPrice": 0,
        "DISC(20)": 0,
        "Tax(10)": "",
        "TaxInclusive": 0,
        "TaxAmt": 0,
        "Amount": 0,
        "P_AMOUNT": null,
        "P_PAYMENTMETHOD": "321-000",
        "P_BANKCHARGE": null,
        "DOCREF1": "576563208448935422"
    }
]