[
    {
        "orderNum": "384369897357035",
        "date": "2023-07-07 15:03",
        "sku": "ED-0822-KC",
        "description": "Perodua Kancil Washer Tank Motor Wiper Tank Motor",
        "sellingPrice": 11.82,
        "shippingFee": 4.9,
        "voucher": 0,
        "trackingNum": "",
        "paidPrice": "11.82",
        "shippingProvider": "Lazada-MY-LEX MY",
        "shippingState": "Earth **** example",
        "marketPlace": "Lazada",
        "storeName_BigSeller": "Lazada Car Deco",
        "stock": null
    },
    {
        "orderNum": "384387886808603",
        "date": "2023-07-07 15:02",
        "sku": "WC-0082",
        "description": "Proton Saga BLM 13 Inch ABS Universal Wheel Cover Rim Center Hub Caps",
        "sellingPrice": 33.98,
        "shippingFee": 2,
        "voucher": 0,
        "trackingNum": "",
        "paidPrice": "33.98",
        "shippingProvider": "Lazada-MY-LEX MY",
        "shippingState": "Earth **** example",
        "marketPlace": "Lazada",
        "storeName_BigSeller": "Lazada Car Deco",
        "stock": null
    },
    {
        "orderNum": "384448043217759",
        "date": "2023-07-07 18:51",
        "sku": "IN-0829-16",
        "description": "Proton Saga VVT 2016 High Quality ABS Anti Non Slip Rear Trunk Boot Cargo Tray",
        "sellingPrice": 42.33,
        "shippingFee": 1.45,
        "voucher": 54321.23,
        "trackingNum": "",
        "paidPrice": "42.33",
        "shippingProvider": "Lazada-MY-PosStore",
        "shippingState": "Earth **** example",
        "marketPlace": "Lazada",
        "storeName_BigSeller": "Lazada Car Deco",
        "stock": null
    },
    {
        "orderNum": "384448043217759",
        "date": "2023-07-07 18:51",
        "sku": "IN-0829-16",
        "description": "Proton Saga VVT 2016 High Quality ABS Anti Non Slip Rear Trunk Boot Cargo Tray",
        "sellingPrice": 42.33,
        "shippingFee": 1.45,
        "voucher": 54321.23,
        "trackingNum": "",
        "paidPrice": "42.33",
        "shippingProvider": "Lazada-MY-PosStore",
        "shippingState": "Earth **** example",
        "marketPlace": "Lazada",
        "storeName_BigSeller": "Lazada Car Deco",
        "stock": null
    },
    {
        "orderNum": "384448043217759",
        "date": "2023-07-07 18:51",
        "sku": "IN-0829-16",
        "description": "Proton Saga VVT 2016 High Quality ABS Anti Non Slip Rear Trunk Boot Cargo Tray",
        "sellingPrice": 42.33,
        "shippingFee": 1.45,
        "voucher": 54321.23,
        "trackingNum": "",
        "paidPrice": "42.33",
        "shippingProvider": "Lazada-MY-PosStore",
        "shippingState": "Earth **** example",
        "marketPlace": "Lazada",
        "storeName_BigSeller": "Lazada Car Deco",
        "stock": null
    },
    {
        "orderNum": "384563672343498",
        "date": "2023-07-08 09:36",
        "sku": "CCP-0011",
        "description": "Rain X 207ml",
        "sellingPrice": 15.8,
        "shippingFee": 0,
        "voucher": 0,
        "trackingNum": "",
        "paidPrice": "15.8",
        "shippingProvider": "Lazada-MY-LEX MY",
        "shippingState": "Earth **** example",
        "marketPlace": "Lazada",
        "storeName_BigSeller": "Lazada Car Deco",
        "stock": null
    },
    {
        "orderNum": "386772953016342",
        "date": "2023-07-08 09:20",
        "sku": "IN-0688-L",
        "description": "Toyota Vios 2009 2010 2011 2012 Custom Fit Original OEM ABS Non Slip Rear Car Boot Cargo Trunk Tray",
        "sellingPrice": 53.9,
        "shippingFee": 11.8,
        "voucher": 1.54,
        "trackingNum": "",
        "paidPrice": "53.9",
        "shippingProvider": "Lazada-MY-SkyNet",
        "shippingState": "Earth **** example",
        "marketPlace": "Lazada",
        "storeName_BigSeller": "Lazada Eplusauto",
        "stock": null
    },
    {
        "orderNum": "230707C74F8DVH",
        "date": "2023-07-07 17:06",
        "sku": "ED-0437",
        "description": "Toyota Vios Hilux Innova Altis COBRA Perodua Myvi Lagi Best Honda BREKO Alarm Remote Key Shell Case Cover Housing",
        "sellingPrice": 7.8,
        "shippingFee": 0,
        "voucher": 0,
        "trackingNum": "",
        "paidPrice": "15.6",
        "shippingProvider": "Shopee-MY-Shopee Xpress (West Malaysia)",
        "shippingState": "Earth **** example",
        "marketPlace": "Shopee",
        "storeName_BigSeller": "Car Deco",
        "stock": null
    },
    {
        "orderNum": "230707C74F8DVH",
        "date": "2023-07-07 17:06",
        "sku": "ED-0437",
        "description": "Toyota Vios Hilux Innova Altis COBRA Perodua Myvi Lagi Best Honda BREKO Alarm Remote Key Shell Case Cover Housing",
        "sellingPrice": 7.8,
        "shippingFee": 0,
        "voucher": 0,
        "trackingNum": "",
        "paidPrice": "15.6",
        "shippingProvider": "Shopee-MY-Shopee Xpress (West Malaysia)",
        "shippingState": "Earth **** example",
        "marketPlace": "Shopee",
        "storeName_BigSeller": "Car Deco",
        "stock": null
    },
    {
        "orderNum": "230707BYCJHHVB",
        "date": "2023-07-07 14:47",
        "sku": "IN-0688-L",
        "description": "Toyota Vios 2009 2010 2011 2012 Custom Fit Original OEM ABS Non Slip Rear Car Boot Cargo Trunk Tray",
        "sellingPrice": 55,
        "shippingFee": 2,
        "voucher": 0,
        "trackingNum": "",
        "paidPrice": "55",
        "shippingProvider": "Shopee-MY-J&T Express",
        "shippingState": "Earth **** example",
        "marketPlace": "Shopee",
        "storeName_BigSeller": "Eplusauto",
        "stock": null
    },
    {
        "orderNum": "230707BYVKMB0C",
        "date": "2023-07-07 14:56",
        "sku": "CL-0142",
        "description": "Car Universal Road Tax Roadtax Sticker (Proton \/ Perodua \/ Honda \/ Mazda) Code 38 (32-48)",
        "sellingPrice": 0.82,
        "shippingFee": 4.9,
        "voucher": 0,
        "trackingNum": "",
        "paidPrice": "1.64",
        "shippingProvider": "Shopee-MY-Shopee Xpress (West Malaysia)",
        "shippingState": "Earth **** example",
        "marketPlace": "Shopee",
        "storeName_BigSeller": "Eplusauto",
        "stock": null
    },
    {
        "orderNum": "230707BYVKMB0C",
        "date": "2023-07-07 14:56",
        "sku": "CL-0142",
        "description": "Car Universal Road Tax Roadtax Sticker (Proton \/ Perodua \/ Honda \/ Mazda) Code 38 (32-48)",
        "sellingPrice": 0.82,
        "shippingFee": 4.9,
        "voucher": 0,
        "trackingNum": "",
        "paidPrice": "1.64",
        "shippingProvider": "Shopee-MY-Shopee Xpress (West Malaysia)",
        "shippingState": "Earth **** example",
        "marketPlace": "Shopee",
        "storeName_BigSeller": "Eplusauto",
        "stock": null
    },
    {
        "orderNum": "230707C69RPGX0",
        "date": "2023-07-07 16:51",
        "sku": "IN-0816-22-TW",
        "description": "Perodua Alza 2022 Custom Fit Original OEM ABS Non Slip Rear Car Boot Cargo Trunk Tray",
        "sellingPrice": 38,
        "shippingFee": 4.9,
        "voucher": 0,
        "trackingNum": "",
        "paidPrice": "38",
        "shippingProvider": "Shopee-MY-J&T Express",
        "shippingState": "Earth **** example",
        "marketPlace": "Shopee",
        "storeName_BigSeller": "Eplusauto",
        "stock": null
    },
    {
        "orderNum": "230707C7FXC0E8",
        "date": "2023-07-07 17:12",
        "sku": "IN-0874",
        "description": "Perodua Bezza Custom Fit Original OEM ABS Non Slip Rear Car Boot Cargo Trunk Tray",
        "sellingPrice": 42.5,
        "shippingFee": 7,
        "voucher": 0,
        "trackingNum": "",
        "paidPrice": "42.5",
        "shippingProvider": "Shopee-MY-J&T Express",
        "shippingState": "Earth **** example",
        "marketPlace": "Shopee",
        "storeName_BigSeller": "Eplusauto",
        "stock": null
    },
    {
        "orderNum": "230708DVAQ7HKS",
        "date": "2023-07-08 08:58",
        "sku": "CM-0577-4.0 black",
        "description": "HT Hong Tai Spike Nail Back \/ Magic Velcro Back DIY Universal Anti Slip Car Carpet Coil Floor Mat (13mm \/ 16mm \/ 19mm)",
        "sellingPrice": 74.9,
        "shippingFee": 19.2,
        "voucher": 2,
        "trackingNum": "",
        "paidPrice": "149.8",
        "shippingProvider": "",
        "shippingState": "Earth **** example",
        "marketPlace": "Shopee",
        "storeName_BigSeller": "Eplusauto",
        "stock": null
    },
    {
        "orderNum": "230708DVAQ7HKS",
        "date": "2023-07-08 08:58",
        "sku": "CM-0577-4.0 black",
        "description": "HT Hong Tai Spike Nail Back \/ Magic Velcro Back DIY Universal Anti Slip Car Carpet Coil Floor Mat (13mm \/ 16mm \/ 19mm)",
        "sellingPrice": 74.9,
        "shippingFee": 19.2,
        "voucher": 2,
        "trackingNum": "",
        "paidPrice": "149.8",
        "shippingProvider": "",
        "shippingState": "Earth **** example",
        "marketPlace": "Shopee",
        "storeName_BigSeller": "Eplusauto",
        "stock": null
    },
    {
        "orderNum": "384448043217759",
        "date": "2023-07-07 18:51",
        "sku": "fake not founds from diff platform",
        "description": "Proton Saga VVT 2016 High Quality ABS Anti Non Slip Rear Trunk Boot Cargo Tray",
        "sellingPrice": 42.33,
        "shippingFee": 1.45,
        "voucher": 0,
        "trackingNum": "",
        "paidPrice": "42.33",
        "shippingProvider": "Lazada-MY-PosStore",
        "shippingState": "Earth **** example",
        "marketPlace": "Shopee",
        "storeName_BigSeller": "Eplusauto",
        "stock": null
    },
    {
        "orderNum": "384448043217759",
        "date": "2023-07-07 18:51",
        "sku": "fake not founds from diff platform",
        "description": "Proton Saga VVT 2016 High Quality ABS Anti Non Slip Rear Trunk Boot Cargo Tray",
        "sellingPrice": 42.33,
        "shippingFee": 1.45,
        "voucher": 0,
        "trackingNum": "",
        "paidPrice": "42.33",
        "shippingProvider": "Lazada-MY-PosStore",
        "shippingState": "Earth **** example",
        "marketPlace": "Shopee",
        "storeName_BigSeller": "Eplusauto",
        "stock": null
    },
    {
        "orderNum": "384448043217759",
        "date": "2023-07-07 18:51",
        "sku": "fake not founds from diff platform",
        "description": "Proton Saga VVT 2016 High Quality ABS Anti Non Slip Rear Trunk Boot Cargo Tray",
        "sellingPrice": 42.33,
        "shippingFee": 1.45,
        "voucher": 0,
        "trackingNum": "",
        "paidPrice": "42.33",
        "shippingProvider": "Lazada-MY-PosStore",
        "shippingState": "Earth **** example",
        "marketPlace": "Shopee",
        "storeName_BigSeller": "Eplusauto",
        "stock": null
    },
    {
        "orderNum": "384448043217759",
        "date": "2023-07-07 18:51",
        "sku": "fake not founds from diff platform",
        "description": "Proton Saga VVT 2016 High Quality ABS Anti Non Slip Rear Trunk Boot Cargo Tray",
        "sellingPrice": 42.33,
        "shippingFee": 1.45,
        "voucher": 0,
        "trackingNum": "",
        "paidPrice": "42.33",
        "shippingProvider": "Lazada-MY-PosStore",
        "shippingState": "Earth **** example",
        "marketPlace": "Shopee",
        "storeName_BigSeller": "Eplusauto",
        "stock": null
    },
    {
        "orderNum": "384448043217759",
        "date": "2023-07-07 18:51",
        "sku": "fake not founds from diff platform",
        "description": "Proton Saga VVT 2016 High Quality ABS Anti Non Slip Rear Trunk Boot Cargo Tray",
        "sellingPrice": 42.33,
        "shippingFee": 1.45,
        "voucher": 0,
        "trackingNum": "",
        "paidPrice": "42.33",
        "shippingProvider": "Lazada-MY-PosStore",
        "shippingState": "Earth **** example",
        "marketPlace": "Shopee",
        "storeName_BigSeller": "Eplusauto",
        "stock": null
    },
    {
        "orderNum": "384448043217759",
        "date": "2023-07-07 18:51",
        "sku": "IN-0829-16",
        "description": "Proton Saga VVT 2016 High Quality ABS Anti Non Slip Rear Trunk Boot Cargo Tray",
        "sellingPrice": 42.33,
        "shippingFee": 1.45,
        "voucher": 0,
        "trackingNum": "",
        "paidPrice": "42.33",
        "shippingProvider": "Lazada-MY-PosStore",
        "shippingState": "Earth **** example",
        "marketPlace": "TikTok",
        "storeName_BigSeller": "Tiktok Eplusauto",
        "stock": null
    },
    {
        "orderNum": "384448043217759",
        "date": "2023-07-07 18:51",
        "sku": "fake not founds from diff platform",
        "description": "Proton Saga VVT 2016 High Quality ABS Anti Non Slip Rear Trunk Boot Cargo Tray",
        "sellingPrice": 42.33,
        "shippingFee": 1.45,
        "voucher": 0,
        "trackingNum": "",
        "paidPrice": "42.33",
        "shippingProvider": "Lazada-MY-PosStore",
        "shippingState": "Earth **** example",
        "marketPlace": "TikTok",
        "storeName_BigSeller": "Tiktok Eplusauto",
        "stock": null
    },
    {
        "orderNum": "384448043217759",
        "date": "2023-07-07 18:51",
        "sku": "fake not founds from diff platform",
        "description": "Proton Saga VVT 2016 High Quality ABS Anti Non Slip Rear Trunk Boot Cargo Tray",
        "sellingPrice": 42.33,
        "shippingFee": 1.45,
        "voucher": 0,
        "trackingNum": "",
        "paidPrice": "42.33",
        "shippingProvider": "Lazada-MY-PosStore",
        "shippingState": "Earth **** example",
        "marketPlace": "TikTok",
        "storeName_BigSeller": "Tiktok Eplusauto",
        "stock": null
    },
    {
        "orderNum": "577543554214562265",
        "date": "2023-07-07 13:33",
        "sku": "IN-0829-16",
        "description": "Proton Saga VVT 2016 2017 2018 2019 2020 Custom Fit Original OEM ABS Non Slip Rear Car Boot Cargo Trunk Tray",
        "sellingPrice": 42,
        "shippingFee": 6.3,
        "voucher": 0,
        "trackingNum": "685810805335",
        "paidPrice": "42",
        "shippingProvider": "TikTok-MY-J&T Express",
        "shippingState": "Earth **** example",
        "marketPlace": "TikTok",
        "storeName_BigSeller": "Tiktok Eplusauto",
        "stock": null
    },
    {
        "orderNum": "577545119926683770",
        "date": "2023-07-07 19:12",
        "sku": "IN-0806-17",
        "description": "Perodua Myvi 2017 2018 2019 2020 Custom Fit Original OEM ABS Non Slip Rear Car Boot Cargo Trunk Tray",
        "sellingPrice": 38.5,
        "shippingFee": 5.6,
        "voucher": 0,
        "trackingNum": "685878123320",
        "paidPrice": "38.5",
        "shippingProvider": "TikTok-MY-J&T Express",
        "shippingState": "Earth **** example",
        "marketPlace": "TikTok",
        "storeName_BigSeller": "Tiktok Eplusauto",
        "stock": null
    }
]