[
    {
        "orderNum": "577052873750055046",
        "date": "26-Feb-2023",
        "sku": "IN-0695-L",
        "description": "Honda City 2008 2009 2010 2011 2012 2013 Custom Fit Original OEM ABS Non Slip Rear Car Boot Cargo Trunk Tray",
        "sellingPrice": 65,
        "sellerVoucher": 0,
        "shippingFee": 6.3,
        "shippingProvider": "",
        "trackingNum": "",
        "shippingState": "Negeri Sembilan",
        "stock": null
    },
    {
        "orderNum": "577051603905776411",
        "date": "26-Feb-2023",
        "sku": "IN-0696-14 LOCAL",
        "description": "Honda Jazz 2014 2015 2016 2017 2018 2019 Custom Fit Original OEM ABS Non Slip Rear Car Boot Cargo Trunk Tray",
        "sellingPrice": 51.2,
        "sellerVoucher": 0,
        "shippingFee": 5.6,
        "shippingProvider": "",
        "trackingNum": "",
        "shippingState": "Pahang",
        "stock": null
    },
    {
        "orderNum": "577130024173341018",
        "date": "24-Mar-2023",
        "sku": "CCP-0189",
        "description": "[FREE CLOTH] Getf 1 Go Black Plastic Coating Renew And Restore Car Motor Automotive Black Parts Polish Spray 250ml",
        "sellingPrice": 25,
        "sellerVoucher": 0,
        "shippingFee": 0,
        "shippingProvider": "J&T Express",
        "trackingNum": "685471191646",
        "shippingState": "Kedah",
        "stock": null
    },
    {
        "orderNum": "577130024173341018",
        "date": "24-Mar-2023",
        "sku": "CCP-0189",
        "description": "[FREE CLOTH] Getf 1 Go Black Plastic Coating Renew And Restore Car Motor Automotive Black Parts Polish Spray 250ml",
        "sellingPrice": 25,
        "sellerVoucher": 0,
        "shippingFee": 0,
        "shippingProvider": "J&T Express",
        "trackingNum": "685471191646",
        "shippingState": "Kedah",
        "stock": null
    },
    {
        "orderNum": "577130024173341018",
        "date": "24-Mar-2023",
        "sku": "CCP-0120",
        "description": "Trust Crystal Light Head Lamp Headlamp Renew Polisher 130ml",
        "sellingPrice": 15,
        "sellerVoucher": 0,
        "shippingFee": 0,
        "shippingProvider": "J&T Express",
        "trackingNum": "685471191646",
        "shippingState": "Kedah",
        "stock": null
    },
    {
        "orderNum": "577130024173341018",
        "date": "24-Mar-2023",
        "sku": "CCP-0120",
        "description": "Trust Crystal Light Head Lamp Headlamp Renew Polisher 130ml",
        "sellingPrice": 15,
        "sellerVoucher": 0,
        "shippingFee": 0,
        "shippingProvider": "J&T Express",
        "trackingNum": "685471191646",
        "shippingState": "Kedah",
        "stock": null
    }
]