[
    {
        "orderNum": "367873896033020",
        "date": "12 Mar 2023 23:34",
        "sku": "IN-0952-X50",
        "description": "High Quality ABS Anti Non Slip Rear Trunk Boot Cargo Tray Suitable for Proton X-50 X50",
        "sellingPrice": "41.00",
        "shippingFee": "10.00",
        "paidPrice": "41.00",
        "shippingProvider": "",
        "trackingNum": "",
        "shippingState": "R*g",
        "stock": null
    },
    {
        "orderNum": "370002727014124",
        "date": "12 Mar 2023 22:14",
        "sku": "EX-0882-AT14M",
        "description": "Toyota Altis 2013 - 2018 (4pcs) BREKO SHADES 100% High Quality Fully Magnetic Plug and Play 98% UV Proof Car Sun Shade Sunshade",
        "sellingPrice": "58.50",
        "shippingFee": "2.00",
        "paidPrice": "58.50",
        "shippingProvider": "",
        "trackingNum": "",
        "shippingState": "K*r",
        "stock": null
    },
    {
        "orderNum": "370002703764144",
        "date": "12 Mar 2023 21:51",
        "sku": "IN-0695-20C",
        "description": "High Quality ABS Anti Non Slip Rear Trunk Boot Cargo Tray Suitable for Honda City Sedan New 2020-2022",
        "sellingPrice": "41.00",
        "shippingFee": "10.00",
        "paidPrice": "41.00",
        "shippingProvider": "",
        "trackingNum": "",
        "shippingState": "K*r",
        "stock": null
    },
    {
        "orderNum": "367859632202259",
        "date": "12 Mar 2023 19:51",
        "sku": "CCP-0011",
        "description": "Rain X 207ml",
        "sellingPrice": "26.00",
        "shippingFee": "0.00",
        "paidPrice": "26.00",
        "shippingProvider": "",
        "trackingNum": "",
        "shippingState": "S*n",
        "stock": null
    },
    {
        "orderNum": "367857223054535",
        "date": "12 Mar 2023 19:27",
        "sku": "ALM-0167-A97",
        "description": "10 Pin Car Security Alarm System - Multiple Design Available",
        "sellingPrice": "32.50",
        "shippingFee": "0.00",
        "paidPrice": "32.50",
        "shippingProvider": "",
        "trackingNum": "",
        "shippingState": "T*m",
        "stock": null
    },
    {
        "orderNum": "367840865168505",
        "date": "12 Mar 2023 17:22",
        "sku": "WC-0065",
        "description": "Perodua Viva 13 Inch ABS Universal Wheel Cover Rim Center Hub Caps",
        "sellingPrice": "33.00",
        "shippingFee": "7.00",
        "paidPrice": "33.00",
        "shippingProvider": "",
        "trackingNum": "",
        "shippingState": "J*u",
        "stock": null
    },
    {
        "orderNum": "367834286038658",
        "date": "12 Mar 2023 16:41",
        "sku": "EX-0966-MPV-2",
        "description": "Smart Cover Double Layer Car Body Cover 100% Waterproof (Peva + PP Cotton) All Car Sizes Available",
        "sellingPrice": "163.80",
        "shippingFee": "7.00",
        "paidPrice": "163.80",
        "shippingProvider": "",
        "trackingNum": "",
        "shippingState": "C*a",
        "stock": null
    },
    {
        "orderNum": "369956549663526",
        "date": "12 Mar 2023 16:44",
        "sku": "IN-0952-X50",
        "description": "High Quality ABS Anti Non Slip Rear Trunk Boot Cargo Tray Suitable for Proton X-50 X50",
        "sellingPrice": "41.00",
        "shippingFee": "5.00",
        "paidPrice": "41.00",
        "shippingProvider": "",
        "trackingNum": "",
        "shippingState": "A*g",
        "stock": null
    },
    {
        "orderNum": "367827098890094",
        "date": "12 Mar 2023 16:34",
        "sku": "IN-0830-22",
        "description": "High Quality ABS Anti Non Slip Rear Trunk Boot Cargo Tray Suitable for Honda HR-V HRV RS Non Hybrid 2022",
        "sellingPrice": "40.22",
        "shippingFee": "13.00",
        "paidPrice": "40.22",
        "shippingProvider": "",
        "trackingNum": "",
        "shippingState": "K*m",
        "stock": null
    },
    {
        "orderNum": "367821438325435",
        "date": "12 Mar 2023 14:01",
        "sku": "BA 24-16 Exora",
        "description": "Proton Exora Original Bosch Advantage Wiper Blade Set (24 \/ 16)",
        "sellingPrice": "22.70",
        "shippingFee": "4.90",
        "paidPrice": "22.70",
        "shippingProvider": "",
        "trackingNum": "",
        "shippingState": "B*s",
        "stock": null
    },
    {
        "orderNum": "367816417635953",
        "date": "12 Mar 2023 12:16",
        "sku": "EX-0882-CT08",
        "description": "Honda City 2008 - 2013 (4pcs) BREKO SHADES 100% High Quality Fully Magnetic Plug and Play 98% UV Proof Car Sun Shade Sunshade",
        "sellingPrice": "58.50",
        "shippingFee": "2.00",
        "paidPrice": "58.50",
        "shippingProvider": "",
        "trackingNum": "",
        "shippingState": "P*a",
        "stock": null
    },
    {
        "orderNum": "367802688253439",
        "date": "12 Mar 2023 11:46",
        "sku": "ED-1030-MV22",
        "description": "Perodua Myvi 2018 2019 2020 2021 2022 2023 Bezza Aruz Eco Idle Bypass Plug & Play Cable Module Engine Auto Off",
        "sellingPrice": "68.50",
        "shippingFee": "2.40",
        "paidPrice": "68.50",
        "shippingProvider": "",
        "trackingNum": "",
        "shippingState": "J*u",
        "stock": null
    },
    {
        "orderNum": "367803262964315",
        "date": "12 Mar 2023 11:20",
        "sku": "ED-0357",
        "description": "Perodua Myvi Old Kancil Kelisa Kenari Viva Alarm Button Remote Control Duplicator DIY System",
        "sellingPrice": "13.50",
        "shippingFee": "4.90",
        "paidPrice": "13.50",
        "shippingProvider": "",
        "trackingNum": "",
        "shippingState": "S*n",
        "stock": null
    },
    {
        "orderNum": "367792090380893",
        "date": "12 Mar 2023 09:55",
        "sku": "IN-0694-CV20",
        "description": "High Quality ABS Anti Non Slip Rear Trunk Boot Cargo Tray Suitable for Honda Civic FE 2022",
        "sellingPrice": "44.50",
        "shippingFee": "5.00",
        "paidPrice": "44.50",
        "shippingProvider": "",
        "trackingNum": "",
        "shippingState": "K*r",
        "stock": null
    },
    {
        "orderNum": "367793059049601",
        "date": "12 Mar 2023 09:16",
        "sku": "CM-0577-4.0 black",
        "description": "Hong Tai DIY Universal Washable 13mm 16mm 19mm Spike Nail Claw Back Car Carpet Coil Mat Anti Slip Car Floor Mat (2 X 10)",
        "sellingPrice": "75.00",
        "shippingFee": "8.90",
        "paidPrice": "75.00",
        "shippingProvider": "",
        "trackingNum": "",
        "shippingState": "M*i",
        "stock": null
    },
    {
        "orderNum": "367793059049601",
        "date": "12 Mar 2023 09:16",
        "sku": "CM-0577-4.0 black",
        "description": "Hong Tai DIY Universal Washable 13mm 16mm 19mm Spike Nail Claw Back Car Carpet Coil Mat Anti Slip Car Floor Mat (2 X 10)",
        "sellingPrice": "75.00",
        "shippingFee": "8.90",
        "paidPrice": "75.00",
        "shippingProvider": "",
        "trackingNum": "",
        "shippingState": "M*i",
        "stock": null
    },
    {
        "orderNum": "369885162732448",
        "date": "11 Mar 2023 23:48",
        "sku": "WC-0048",
        "description": "[CNY 2020] Perodua Kancil 12 Inch ABS Universal Wheel Cover Rim Center Hub Caps with Chrome Nuts",
        "sellingPrice": "33.50",
        "shippingFee": "7.00",
        "paidPrice": "33.50",
        "shippingProvider": "",
        "trackingNum": "",
        "shippingState": "K*n",
        "stock": null
    },
    {
        "orderNum": "367762038155893",
        "date": "11 Mar 2023 22:39",
        "sku": "IN-0694-CV20",
        "description": "High Quality ABS Anti Non Slip Rear Trunk Boot Cargo Tray Suitable for Honda Civic FE 2022",
        "sellingPrice": "44.50",
        "shippingFee": "10.00",
        "paidPrice": "44.50",
        "shippingProvider": "",
        "trackingNum": "",
        "shippingState": "P*a",
        "stock": null
    },
    {
        "orderNum": "369863742607860",
        "date": "11 Mar 2023 20:44",
        "sku": "IN-0830-22",
        "description": "High Quality ABS Anti Non Slip Rear Trunk Boot Cargo Tray Suitable for Honda HR-V HRV RS Non Hybrid 2022",
        "sellingPrice": "40.22",
        "shippingFee": "7.82",
        "paidPrice": "40.22",
        "shippingProvider": "",
        "trackingNum": "",
        "shippingState": "K*r",
        "stock": null
    },
    {
        "orderNum": "369872507817607",
        "date": "11 Mar 2023 20:31",
        "sku": "IN-0952-X50",
        "description": "High Quality ABS Anti Non Slip Rear Trunk Boot Cargo Tray Suitable for Proton X-50 X50",
        "sellingPrice": "41.00",
        "shippingFee": "10.00",
        "paidPrice": "41.00",
        "shippingProvider": "",
        "trackingNum": "",
        "shippingState": "R*g",
        "stock": null
    },
    {
        "orderNum": "367752820074776",
        "date": "11 Mar 2023 20:06",
        "sku": "CM-0564-M black",
        "description": "Hong Tai DIY Universal Washable 13mm 16mm 19mm Spike Nail Claw Back Car Carpet Coil Mat Anti Slip Car Floor Mat (2 X 10)",
        "sellingPrice": "98.00",
        "shippingFee": "12.00",
        "paidPrice": "98.00",
        "shippingProvider": "",
        "trackingNum": "",
        "shippingState": "A*g",
        "stock": null
    },
    {
        "orderNum": "369861714381811",
        "date": "11 Mar 2023 19:22",
        "sku": "IN-0952",
        "description": "Proton X70 X-70 High Quality ABS Anti Non Slip Rear Trunk Boot Cargo Tray",
        "sellingPrice": "40.30",
        "shippingFee": "13.00",
        "paidPrice": "40.30",
        "shippingProvider": "",
        "trackingNum": "",
        "shippingState": "B*k",
        "stock": null
    },
    {
        "orderNum": "369840964558906",
        "date": "11 Mar 2023 18:11",
        "sku": "EX-0882-CX30",
        "description": "Mazda CX30 CX-30 2021-2022 (4pcs) BREKO SHADES 100% High Quality Fully Magnetic Plug and Play 98% UV Proof Car Sun Shade Sunshade",
        "sellingPrice": "59.00",
        "shippingFee": "7.00",
        "paidPrice": "59.00",
        "shippingProvider": "",
        "trackingNum": "",
        "shippingState": "K*r",
        "stock": null
    },
    {
        "orderNum": "369824584345171",
        "date": "11 Mar 2023 15:33",
        "sku": "ED-0437-W\/O KEY",
        "description": "Toyota Hilux Innova (2 Button) Alarm Remote Shell Case Cover Housing",
        "sellingPrice": "4.90",
        "shippingFee": "4.90",
        "paidPrice": "4.90",
        "shippingProvider": "",
        "trackingNum": "",
        "shippingState": "K*i",
        "stock": null
    },
    {
        "orderNum": "367723836420938",
        "date": "11 Mar 2023 15:33",
        "sku": "IN-0874",
        "description": "Perodua Bezza High Quality ABS Anti Non Slip Rear Trunk Boot Cargo Tray",
        "sellingPrice": "40.50",
        "shippingFee": "10.00",
        "paidPrice": "40.50",
        "shippingProvider": "",
        "trackingNum": "",
        "shippingState": "S*k",
        "stock": null
    },
    {
        "orderNum": "367717478939495",
        "date": "11 Mar 2023 15:16",
        "sku": "IN-0816-22-TW",
        "description": "High Quality ABS Anti Non Slip Rear Trunk Boot Cargo Tray Suitable for Perodua Alza 2022-2023",
        "sellingPrice": "39.50",
        "shippingFee": "6.80",
        "paidPrice": "39.50",
        "shippingProvider": "",
        "trackingNum": "",
        "shippingState": "G*h",
        "stock": null
    },
    {
        "orderNum": "367711288596454",
        "date": "11 Mar 2023 14:52",
        "sku": "EX-0882-AT14M",
        "description": "Toyota Altis 2013 - 2018 (4pcs) BREKO SHADES 100% High Quality Fully Magnetic Plug and Play 98% UV Proof Car Sun Shade Sunshade",
        "sellingPrice": "58.50",
        "shippingFee": "2.00",
        "paidPrice": "58.50",
        "shippingProvider": "",
        "trackingNum": "",
        "shippingState": "T*n",
        "stock": null
    },
    {
        "orderNum": "367706284249401",
        "date": "11 Mar 2023 13:20",
        "sku": "IN-0874",
        "description": "Perodua Bezza High Quality ABS Anti Non Slip Rear Trunk Boot Cargo Tray",
        "sellingPrice": "40.50",
        "shippingFee": "6.64",
        "paidPrice": "40.50",
        "shippingProvider": "",
        "trackingNum": "",
        "shippingState": "K*r",
        "stock": null
    },
    {
        "orderNum": "369804196470056",
        "date": "11 Mar 2023 12:54",
        "sku": "IN-0798",
        "description": "High Quality ABS Anti Non Slip Rear Trunk Boot Cargo Tray Suitable for Perodua Axia 2014-2022",
        "sellingPrice": "40.00",
        "shippingFee": "6.80",
        "paidPrice": "40.00",
        "shippingProvider": "",
        "trackingNum": "",
        "shippingState": "S*i",
        "stock": null
    },
    {
        "orderNum": "367711209606224",
        "date": "11 Mar 2023 12:31",
        "sku": "Axia 15 Fog Lamp PD-715",
        "description": "Perodua Axia 2014 2015 2016 Original OEM Fog Lamp DLAA",
        "sellingPrice": "140.00",
        "shippingFee": "22.82",
        "paidPrice": "140.00",
        "shippingProvider": "",
        "trackingNum": "",
        "shippingState": "B*u",
        "stock": null
    },
    {
        "orderNum": "367711209606224",
        "date": "11 Mar 2023 12:31",
        "sku": "ED-0771-4\/1\/ALL",
        "description": "Perodua Axia 2014 2015 2016 4 in 1 Brake Lock + Auto Side Mirror Fold + LED Indicator + Unlock Switch",
        "sellingPrice": "92.00",
        "shippingFee": "12.18",
        "paidPrice": "92.00",
        "shippingProvider": "",
        "trackingNum": "",
        "shippingState": "B*u",
        "stock": null
    },
    {
        "orderNum": "367700212626571",
        "date": "11 Mar 2023 10:36",
        "sku": "myvi extreme spoiler (ebony black)",
        "description": "Perodua Myvi 2011 Extreme OEM ABS Spoiler With Painting (Ebony Black)",
        "sellingPrice": "265.00",
        "shippingFee": "12.00",
        "paidPrice": "265.00",
        "shippingProvider": "",
        "trackingNum": "",
        "shippingState": "Y*g",
        "stock": null
    },
    {
        "orderNum": "367689021562550",
        "date": "11 Mar 2023 08:56",
        "sku": "IN-0830-22",
        "description": "High Quality ABS Anti Non Slip Rear Trunk Boot Cargo Tray Suitable for Honda HR-V HRV RS Non Hybrid 2022",
        "sellingPrice": "40.22",
        "shippingFee": "6.80",
        "paidPrice": "40.22",
        "shippingProvider": "",
        "trackingNum": "",
        "shippingState": "S*i",
        "stock": null
    },
    {
        "orderNum": "369762772649417",
        "date": "10 Mar 2023 23:56",
        "sku": "IN-0874",
        "description": "Perodua Bezza High Quality ABS Anti Non Slip Rear Trunk Boot Cargo Tray",
        "sellingPrice": "40.50",
        "shippingFee": "3.63",
        "paidPrice": "40.50",
        "shippingProvider": "",
        "trackingNum": "",
        "shippingState": "M*a",
        "stock": null
    },
    {
        "orderNum": "369762772649417",
        "date": "10 Mar 2023 23:56",
        "sku": "CM-0564-M black red",
        "description": "Hong Tai DIY Universal Washable 13mm 16mm 19mm Spike Nail Claw Back Car Carpet Coil Mat Anti Slip Car Floor Mat (2 X 10)",
        "sellingPrice": "98.00",
        "shippingFee": "36.37",
        "paidPrice": "98.00",
        "shippingProvider": "",
        "trackingNum": "",
        "shippingState": "M*a",
        "stock": null
    },
    {
        "orderNum": "367657622852165",
        "date": "10 Mar 2023 22:09",
        "sku": "AA-0135",
        "description": "Proton Saga BLM Exora Antenna Aerial Mast",
        "sellingPrice": "15.50",
        "shippingFee": "4.90",
        "paidPrice": "15.50",
        "shippingProvider": "",
        "trackingNum": "",
        "shippingState": "B*k",
        "stock": null
    },
    {
        "orderNum": "369745533252941",
        "date": "10 Mar 2023 20:31",
        "sku": "AA-0088",
        "description": "Toyota Avanza Old Antenna Aerial",
        "sellingPrice": "25.50",
        "shippingFee": "7.00",
        "paidPrice": "25.50",
        "shippingProvider": "",
        "trackingNum": "",
        "shippingState": "S*a",
        "stock": null
    },
    {
        "orderNum": "367633820460684",
        "date": "10 Mar 2023 17:14",
        "sku": "IN-0695-21H\/B",
        "description": "High Quality ABS Anti Non Slip Rear Trunk Boot Cargo Tray Suitable for Honda City Hatchback 2022",
        "sellingPrice": "44.50",
        "shippingFee": "5.00",
        "paidPrice": "44.50",
        "shippingProvider": "",
        "trackingNum": "",
        "shippingState": "S*a",
        "stock": null
    },
    {
        "orderNum": "369726524397781",
        "date": "10 Mar 2023 16:43",
        "sku": "BA 26-18 Accord 13-18",
        "description": "Honda Accord 2013-2018 Original Bosch Advantage Wiper Blade Set (26 \/ 18)",
        "sellingPrice": "25.40",
        "shippingFee": "3.23",
        "paidPrice": "25.40",
        "shippingProvider": "",
        "trackingNum": "",
        "shippingState": "S*h",
        "stock": null
    },
    {
        "orderNum": "369725526380025",
        "date": "10 Mar 2023 16:39",
        "sku": "IN-0830",
        "description": "High Quality ABS Anti Non Slip Rear Trunk Boot Cargo Tray Suitable for Honda HR-V HRV 2015-2021",
        "sellingPrice": "41.50",
        "shippingFee": "11.80",
        "paidPrice": "41.50",
        "shippingProvider": "",
        "trackingNum": "",
        "shippingState": "J*u",
        "stock": null
    },
    {
        "orderNum": "367614498757465",
        "date": "10 Mar 2023 16:35",
        "sku": "ED-0357-CB",
        "description": "Perodua Alza & New Myvi Lagi Best Alarm Button Remote Control Duplicator DIY System",
        "sellingPrice": "11.90",
        "shippingFee": "0.00",
        "paidPrice": "11.90",
        "shippingProvider": "",
        "trackingNum": "",
        "shippingState": "S*n",
        "stock": null
    },
    {
        "orderNum": "369722114382894",
        "date": "10 Mar 2023 15:40",
        "sku": "EX-0966-XL",
        "description": "Smart Cover Double Layer Car Body Cover 100% Waterproof (Peva + PP Cotton) All Car Sizes Available",
        "sellingPrice": "127.40",
        "shippingFee": "0.00",
        "paidPrice": "127.40",
        "shippingProvider": "",
        "trackingNum": "",
        "shippingState": "A*r",
        "stock": null
    },
    {
        "orderNum": "369721905252633",
        "date": "10 Mar 2023 15:19",
        "sku": "ALM-0167-A117",
        "description": "13 Pin Car Security Alarm System - Multiple Design Available",
        "sellingPrice": "45.00",
        "shippingFee": "3.33",
        "paidPrice": "45.00",
        "shippingProvider": "",
        "trackingNum": "",
        "shippingState": "S*n",
        "stock": null
    },
    {
        "orderNum": "369721905252633",
        "date": "10 Mar 2023 15:19",
        "sku": "ALM-0167-A129",
        "description": "13 Pin Car Security Alarm System - Multiple Design Available",
        "sellingPrice": "45.00",
        "shippingFee": "3.33",
        "paidPrice": "45.00",
        "shippingProvider": "",
        "trackingNum": "",
        "shippingState": "S*n",
        "stock": null
    },
    {
        "orderNum": "369721905252633",
        "date": "10 Mar 2023 15:19",
        "sku": "ALM-0167-A113",
        "description": "13 Pin Car Security Alarm System - Multiple Design Available",
        "sellingPrice": "45.00",
        "shippingFee": "3.34",
        "paidPrice": "45.00",
        "shippingProvider": "",
        "trackingNum": "",
        "shippingState": "S*n",
        "stock": null
    },
    {
        "orderNum": "367613633788306",
        "date": "10 Mar 2023 14:43",
        "sku": "EX-0966-L",
        "description": "Smart Cover Double Layer Car Body Cover 100% Waterproof (Peva + PP Cotton) All Car Sizes Available",
        "sellingPrice": "152.00",
        "shippingFee": "7.00",
        "paidPrice": "152.00",
        "shippingProvider": "",
        "trackingNum": "",
        "shippingState": "K*g",
        "stock": null
    },
    {
        "orderNum": "367602454169026",
        "date": "10 Mar 2023 14:13",
        "sku": "IN-0963-MV12",
        "description": "Perodua Myvi Lagi Best 2011 2012 2013 2014 2015 Car 10 inches Android Audio Player Casing",
        "sellingPrice": "38.00",
        "shippingFee": "0.60",
        "paidPrice": "38.00",
        "shippingProvider": "",
        "trackingNum": "",
        "shippingState": "S*a",
        "stock": null
    },
    {
        "orderNum": "369689955522241",
        "date": "10 Mar 2023 11:32",
        "sku": "ED-0357-CB",
        "description": "Perodua Alza & New Myvi Lagi Best Alarm Button Remote Control Duplicator DIY System",
        "sellingPrice": "11.90",
        "shippingFee": "0.00",
        "paidPrice": "11.90",
        "shippingProvider": "",
        "trackingNum": "",
        "shippingState": "S*n",
        "stock": null
    },
    {
        "orderNum": "369608747241326",
        "date": "09 Mar 2023 17:41",
        "sku": "hc cargo armrest 14-19",
        "description": "Honda Jazz 2015-2019 HC Cargo High Quality USB LED Indicator Double Layer Arm Rest Armrest",
        "sellingPrice": "72.80",
        "shippingFee": "0.00",
        "paidPrice": "72.80",
        "shippingProvider": "",
        "trackingNum": "",
        "shippingState": "J*u",
        "stock": null
    },
    {
        "orderNum": "369124541602966",
        "date": "06 Mar 2023 00:40",
        "sku": "EX-0882-CV22M",
        "description": "Honda Civic FE 2022 (6pcs) BREKO SHADES 100% High Quality Fully Magnetic Plug and Play 98% UV Proof Car Sun Shade Sunshade",
        "sellingPrice": "83.00",
        "shippingFee": "2.00",
        "paidPrice": "83.00",
        "shippingProvider": "",
        "trackingNum": "",
        "shippingState": "I*h",
        "stock": null
    },
    {
        "orderNum": "366853670164194",
        "date": "05 Mar 2023 11:59",
        "sku": "OEM-1692",
        "description": "Toyota Unser Old & New Good Quality BREKO Power Window Main Switch",
        "sellingPrice": "75.80",
        "shippingFee": "0.00",
        "paidPrice": "75.80",
        "shippingProvider": "",
        "trackingNum": "",
        "shippingState": "A*g",
        "stock": null
    },
    {
        "orderNum": "366561874741490",
        "date": "03 Mar 2023 22:38",
        "sku": "IN-0973-ARUZ",
        "description": "Perodua Aruz HC Cargo High Quality USB LED Indicator Double Layer Arm Rest Armrest",
        "sellingPrice": "82.50",
        "shippingFee": "6.50",
        "paidPrice": "82.50",
        "shippingProvider": "",
        "trackingNum": "",
        "shippingState": "B*k",
        "stock": null
    },
    {
        "orderNum": "368495301749067",
        "date": "03 Mar 2023 12:32",
        "sku": "IN-0829-16",
        "description": "Proton Saga VVT 2016 High Quality ABS Anti Non Slip Rear Trunk Boot Cargo Tray",
        "sellingPrice": "40.50",
        "shippingFee": "5.00",
        "paidPrice": "40.50",
        "shippingProvider": "",
        "trackingNum": "",
        "shippingState": "K*r",
        "stock": null
    },
    {
        "orderNum": "367882683024782",
        "date": "13 Mar 2023 00:22",
        "sku": "axia 23 tray ag",
        "description": "Perodua Axia 2023 Custom Fit Original OEM ABS Non Slip Rear Car Boot Cargo Trunk Tray",
        "sellingPrice": "50.00",
        "shippingFee": "15.50",
        "paidPrice": "50.00",
        "shippingProvider": "",
        "trackingNum": "",
        "shippingState": "P*g",
        "stock": null
    },
    {
        "orderNum": "370011775517130",
        "date": "13 Mar 2023 00:15",
        "sku": "EX-0882-AV15 ALPHARD",
        "description": "Toyota Alphard Vellfire Altis Avanza Camry Chr Estima Harrier Hilux Vios Wish High Qualty Car Magnetic Sunshade Shade",
        "sellingPrice": "55.00",
        "shippingFee": "7.00",
        "paidPrice": "55.00",
        "shippingProvider": "",
        "trackingNum": "",
        "shippingState": "K*i",
        "stock": null
    },
    {
        "orderNum": "367867099200148",
        "date": "12 Mar 2023 22:50",
        "sku": "IN-0819-N",
        "description": "Proton Persona 2016 2017 2018 2019 2020 2021 Custom Fit Original OEM ABS Non Slip Rear Car Boot Cargo Trunk Tray",
        "sellingPrice": "41.00",
        "shippingFee": "6.30",
        "paidPrice": "41.00",
        "shippingProvider": "",
        "trackingNum": "",
        "shippingState": "A*g",
        "stock": null
    },
    {
        "orderNum": "367872062022647",
        "date": "12 Mar 2023 22:30",
        "sku": "IN-0697-17-ER",
        "description": "Honda Crv CR-V 2017 2018 2019 2020 2021 2022 Custom Fit Original OEM ABS Non Slip Rear Car Boot Cargo Trunk Tray",
        "sellingPrice": "49.00",
        "shippingFee": "6.30",
        "paidPrice": "49.00",
        "shippingProvider": "",
        "trackingNum": "",
        "shippingState": "K*u",
        "stock": null
    },
    {
        "orderNum": "369970580138509",
        "date": "12 Mar 2023 19:42",
        "sku": "EX-0882-MX",
        "description": "Mitsubishi Xpander 2022 High Qualty Car Magnetic Sunshade Sun Shade (6 Pcs)",
        "sellingPrice": "38.00",
        "shippingFee": "7.00",
        "paidPrice": "38.00",
        "shippingProvider": "",
        "trackingNum": "",
        "shippingState": "K*r",
        "stock": null
    },
    {
        "orderNum": "369952982934322",
        "date": "12 Mar 2023 16:46",
        "sku": "ED-0437-W\/O KEY",
        "description": "1 PC Toyota Hilux Innova Alarm Remote Key Cover Casing With \/ Without Key (2 Button)",
        "sellingPrice": "5.50",
        "shippingFee": "2.45",
        "paidPrice": "5.50",
        "shippingProvider": "",
        "trackingNum": "",
        "shippingState": "S*i",
        "stock": null
    },
    {
        "orderNum": "369952982934322",
        "date": "12 Mar 2023 16:46",
        "sku": "ED-0437-W\/O KEY",
        "description": "1 PC Toyota Hilux Innova Alarm Remote Key Cover Casing With \/ Without Key (2 Button)",
        "sellingPrice": "5.50",
        "shippingFee": "2.45",
        "paidPrice": "5.50",
        "shippingProvider": "",
        "trackingNum": "",
        "shippingState": "S*i",
        "stock": null
    },
    {
        "orderNum": "367844215697461",
        "date": "12 Mar 2023 16:45",
        "sku": "IN-0695-20C",
        "description": "Honda City Sedan New 2020-2022 Custom Fit Original OEM ABS Non Slip Rear Car Boot Cargo Trunk Tray",
        "sellingPrice": "40.00",
        "shippingFee": "6.30",
        "paidPrice": "40.00",
        "shippingProvider": "",
        "trackingNum": "",
        "shippingState": "C*s",
        "stock": null
    },
    {
        "orderNum": "369931999142073",
        "date": "12 Mar 2023 14:02",
        "sku": "IN-0697-17-ER",
        "description": "Honda Crv CR-V 2017 2018 2019 2020 2021 2022 Custom Fit Original OEM ABS Non Slip Rear Car Boot Cargo Trunk Tray",
        "sellingPrice": "49.00",
        "shippingFee": "5.00",
        "paidPrice": "49.00",
        "shippingProvider": "",
        "trackingNum": "",
        "shippingState": "S*m",
        "stock": null
    },
    {
        "orderNum": "369931999142073",
        "date": "12 Mar 2023 14:02",
        "sku": "IN-0816-22-TW",
        "description": "Perodua Alza 2022 Custom Fit Original OEM ABS Non Slip Rear Car Boot Cargo Trunk Tray",
        "sellingPrice": "38.00",
        "shippingFee": "5.00",
        "paidPrice": "38.00",
        "shippingProvider": "",
        "trackingNum": "",
        "shippingState": "S*m",
        "stock": null
    },
    {
        "orderNum": "369919580339454",
        "date": "12 Mar 2023 11:57",
        "sku": "IN-0830-22",
        "description": "Honda Hrv HR-V RS 2022 Custom Fit Original OEM ABS Non Slip Rear Car Boot Cargo Trunk Tray (Hybrid \/Non Hybrid)",
        "sellingPrice": "46.00",
        "shippingFee": "12.00",
        "paidPrice": "46.00",
        "shippingProvider": "",
        "trackingNum": "",
        "shippingState": "S*m",
        "stock": null
    },
    {
        "orderNum": "369819774727145",
        "date": "11 Mar 2023 15:00",
        "sku": "axia black pillar",
        "description": "Perodua Axia 4pcs Car Chrome Door Window Pillar Trim Cover (Chrome \/ Black \/ Gold \/ Rose)",
        "sellingPrice": "45.00",
        "shippingFee": "4.90",
        "paidPrice": "45.00",
        "shippingProvider": "",
        "trackingNum": "",
        "shippingState": "K*g",
        "stock": null
    },
    {
        "orderNum": "367644480134358",
        "date": "10 Mar 2023 21:44",
        "sku": "IN-0829-WJ",
        "description": "Proton Waja Custom Fit Original OEM ABS Non Slip Rear Car Boot Cargo Trunk Tray",
        "sellingPrice": "45.80",
        "shippingFee": "6.50",
        "paidPrice": "45.80",
        "shippingProvider": "",
        "trackingNum": "",
        "shippingState": "T*k",
        "stock": null
    },
    {
        "orderNum": "366584474547745",
        "date": "04 Mar 2023 02:56",
        "sku": "EX-0053",
        "description": "Perodua Kembara Chrome Stainless Steel Door Belt Moulding Window Trim (4 pcs)",
        "sellingPrice": "52.00",
        "shippingFee": "5.60",
        "paidPrice": "52.00",
        "shippingProvider": "",
        "trackingNum": "",
        "shippingState": "A*h",
        "stock": null
    },
    {
        "orderNum": "366100827533775",
        "date": "02 Mar 2023 15:25",
        "sku": "ALM-0176-BL",
        "description": "Toyota Car Silicon Key Keyless Smart Remote Cover 2 \/ 3 Button (Alphard \/ Vellfire)",
        "sellingPrice": "4.50",
        "shippingFee": "0.90",
        "paidPrice": "4.50",
        "shippingProvider": "",
        "trackingNum": "",
        "shippingState": "S*g",
        "stock": null
    },
    {
        "orderNum": "366100827533775",
        "date": "02 Mar 2023 15:25",
        "sku": "ALM-0176-BK",
        "description": "Toyota Car Silicon Key Keyless Smart Remote Cover 2 \/ 3 Button (Alphard \/ Vellfire)",
        "sellingPrice": "4.50",
        "shippingFee": "0.90",
        "paidPrice": "4.50",
        "shippingProvider": "",
        "trackingNum": "",
        "shippingState": "S*g",
        "stock": null
    },
    {
        "orderNum": "366100827533775",
        "date": "02 Mar 2023 15:25",
        "sku": "ALM-0176-BK",
        "description": "Toyota Car Silicon Key Keyless Smart Remote Cover 2 \/ 3 Button (Alphard \/ Vellfire)",
        "sellingPrice": "4.50",
        "shippingFee": "0.90",
        "paidPrice": "4.50",
        "shippingProvider": "",
        "trackingNum": "",
        "shippingState": "S*g",
        "stock": null
    }
]